# Find command

find                    Will search an infinate depth as seen below:

adminuser@ubuntu:~/Documents$ find
.
./level2
./level2/level3
./level2/level3/3.txt
./level2/level3/level4
./level2/level3/level4/4.txt
./level2/level3/level4/level5
./level2/level3/level4/level5/5.txt
./level2/2.txt

find .                  Find from the current directory, displays the entire file tree.

# maxdepth option:      find . -maxdepth <number>   
                        Shows level <number> contents, more examples below:

adminuser@ubuntu:~/Documents$ find . -maxdepth 1
.
./level2
adminuser@ubuntu:~/Documents$ find . -maxdepth 2
.
./level2
./level2/level3
./level2/2.txt
adminuser@ubuntu:~/Documents$ find . -maxdepth 3
.
./level2
./level2/level3
./level2/level3/3.txt
./level2/level3/level4
./level2/2.txt
adminuser@ubuntu:~/Documents$ find . -maxdepth 4
.
./level2
./level2/level3
./level2/level3/3.txt
./level2/level3/level4
./level2/level3/level4/4.txt
./level2/level3/level4/level5
./level2/2.txt
adminuser@ubuntu:~/Documents$ find . -maxdepth 5
.
./level2
./level2/level3
./level2/level3/3.txt
./level2/level3/level4
./level2/level3/level4/4.txt
./level2/level3/level4/level5
./level2/level3/level4/level5/5.txt
./level2/2.txt

# Use the -type option to find files <f> or directories <d>:

adminuser@ubuntu:~/Documents$ find . -type f
./level2/level3/3.txt
./level2/level3/level4/4.txt
./level2/level3/level4/level5/5.txt
./level2/2.txt

adminuser@ubuntu:~/Documents$ find . -type d 
.
./level2
./level2/level3
./level2/level3/level4
./level2/level3/level4/level5

# Can be combined with the -maxdepth option:        You can view each level by indicating the -maxdepth <level-nummber>


adminuser@ubuntu:~/Documents$ find . -maxdepth 5 -type d
.
./level2
./level2/level3
./level2/level3/level4
./level2/level3/level4/level5
adminuser@ubuntu:~/Documents$ find . -maxdepth 5 -type f
./level2/level3/3.txt
./level2/level3/level4/4.txt
./level2/level3/level4/level5/5.txt
./level2/2.txt

# Find every file of the /etc folder with a -maxdepth of 1:

find /etc -maxdepth 1 -type f

adminuser@ubuntu:~/Documents$ find /etc -maxdepth 1 -type f
/etc/sudoers
/etc/hosts.allow
/etc/services
/etc/.pwd.lock
/etc/group
/etc/ld.so.conf
/etc/fstab
/etc/overlayroot.conf
/etc/apg.conf
/etc/sudo.conf
/etc/mime.types
/etc/gshadow-
/etc/fprintd.conf
/etc/dhcpcd.conf
/etc/networks
/etc/deluser.conf
/etc/environment
/etc/profile
/etc/anacrontab
/etc/screenrc
/etc/papersize
/etc/hdparm.conf
/etc/lsb-release
/etc/protocols
/etc/timezone
/etc/group-
/etc/mke2fs.conf
/etc/ld.so.cache
/etc/pnm2ppa.conf
/etc/locale.alias
/etc/hosts.deny
/etc/.updated
/etc/zsh_command_not_found
/etc/e2scrub.conf
/etc/sensors3.conf
/etc/gprofng.rc
/etc/crypttab
/etc/bash_completion
/etc/brltty.conf
/etc/pam.conf
/etc/kerneloops.conf
/etc/issue
/etc/inputrc
/etc/host.conf
/etc/netconfig
/etc/issue.net
/etc/passwd
/etc/manpath.config
/etc/shadow
/etc/gshadow
/etc/libao.conf
/etc/gai.conf
/etc/wgetrc
/etc/login.defs
/etc/nftables.conf
/etc/machine-id
/etc/multipath.conf
/etc/magic
/etc/subuid
/etc/.resolv.conf.systemd-resolved.bak
/etc/debian_version
/etc/logrotate.conf
/etc/hostname
/etc/bash.bashrc
/etc/subuid-
/etc/subgid-
/etc/hosts
/etc/ethertypes
/etc/passwd-
/etc/nanorc
/etc/usb_modeswitch.conf
/etc/locale.conf
/etc/modules
/etc/rsyslog.conf
/etc/brlapi.key
/etc/legal
/etc/fuse.conf
/etc/ucf.conf
/etc/crontab
/etc/subgid
/etc/sudo_logsrvd.conf
/etc/ca-certificates.conf
/etc/libaudit.conf
/etc/xattr.conf
/etc/bindresvport.blacklist
/etc/nsswitch.conf
/etc/rpc
/etc/debconf.conf
/etc/rygel.conf
/etc/sysctl.conf
/etc/magic.mime
/etc/shadow-
/etc/adduser.conf
/etc/shells
/etc/locale.gen

# The -name option:

dminuser@ubuntu:~/Documents$ find . -name "*5.txt"        Find provided name.
./level2/level3/level4/level5/5.txt

adminuser@ubuntu:~/Documents$ find . -name "*.txt"        Find anythig with a .txt option.
./level2/level3/3.txt
./level2/level3/level4/4.txt
./level2/level3/level4/level5/5.txt
./level2/2.txt

# Find with -iname option                                 Case insensitive search.

adminuser@ubuntu:~/Documents$ find . -maxdepth 10 -iname "?.TXT"
./level2/level3/3.txt
./level2/level3/level4/4.txt
./level2/level3/level4/level5/5.txt
./level2/2.txt

# Find command -size option                               Size search.

sudo find / -type f -size +100k

# You can pipe the command to use the word count option
# along with the long option to count the results.
# wc -l

adminuser@ubuntu:~/Documents$ sudo find / -type f -size +100k | wc -l
find: ‘/proc/4973/task/4973/fdinfo/6’: No such file or directory
find: ‘/proc/4973/fdinfo/5’: No such file or directory
find: ‘/run/user/1000/gvfs’: Permission denied
find: ‘/run/user/1000/doc’: Permission denied
7769

# You can search for sizes by an indicated range:

adminuser@ubuntu:~/Documents$ sudo find / -type f -size +100k -size -5M | wc -l
find: ‘/proc/4997/task/4997/fdinfo/6’: No such file or directory
find: ‘/proc/4997/fdinfo/5’: No such file or directory
find: ‘/run/user/1000/gvfs’: Permission denied
find: ‘/run/user/1000/doc’: Permission denied
7390

# Find files less than 100k and greater than 5M:

dminuser@ubuntu:~/Documents$ sudo find / -type f -size -100k -o -size +5M | wc -l
find: ‘/proc/5010/task/5010/fd/6’: No such file or directory
find: ‘/proc/5010/task/5010/fdinfo/6’: No such file or directory
find: ‘/proc/5010/fd/5’: No such file or directory
find: ‘/proc/5010/fdinfo/5’: No such file or directory
find: ‘/run/user/1000/gvfs’: Permission denied
find: ‘/run/user/1000/doc’: Permission denied
368352

# Find files greater than 100k and less than 5M: 

adminuser@ubuntu:~/Desktop$ sudo find / -type f -size +100k -size -5M | wc -l
find: ‘/proc/5048/task/5048/fdinfo/6’: No such file or directory
find: ‘/proc/5048/fdinfo/5’: No such file or directory
find: ‘/run/user/1000/gvfs’: Permission denied
find: ‘/run/user/1000/doc’: Permission denied
7390

# You can copy the output to an indicated directory with the -exec cp {} ~/Directory/path and ending the command with a \;

sudo find / -type f -size +100k -size -5M -exec cp {} ~/Desktop/copy_here \;

# You can have the terminla ask berfore each cp with the -ok command:

sudo find / -maxdepth 3 -type f -size +100k -size -5M -ok cp {} ~/Desktop/copy_here \;

adminuser@ubuntu:~/Desktop$ sudo find / -maxdepth 3 -type f -size +100k -size -5M -ok cp {} ~/Desktop/copy_here \;
< cp ... /etc/lvm/lvm.conf > ?


